Microchip MPLAB XC8 Compiler V1.45 ()

Linker command line:

-W-3 --edf=C:\Program Files (x86)\Microchip\xc8\v1.45\dat\en_msgs.txt -cs \
  -h+dist/C18_18F14K22/production\mplab.production.sym \
  --cmf=dist/C18_18F14K22/production\mplab.production.cmf -z -Q18F14K22 \
  -oC:\Users\mcs-f\AppData\Local\Temp\sm0o.2 \
  -Mdist/C18_18F14K22/production/mplab.production.map -E1 -ver=XC8 \
  -ASTACK=094h-01ffh -pstack=STACK -ACODE=00h-03FFFh -ACONST=00h-03FFFh \
  -ASMALLCONST=0200h-02FFhx62 -AMEDIUMCONST=0200h-03FFFh -ACOMRAM=01h-05Fh \
  -AABS1=00h-01FFh -ABIGRAM=01h-01FFh -ARAM=060h-0FFh,0100h-01FFh \
  -ABANK0=060h-0FFh -ABANK1=0100h-01FFh -ASFR=0F60h-0FFFh \
  -preset_vec=00h,intcode=08h,intcodelo=018h,powerup,init -pramtop=0200h \
  -psmallconst=SMALLCONST -pmediumconst=MEDIUMCONST -pconst=CONST \
  -AFARRAM=00h-00h -ACONFIG=0300000h-030000Dh -pconfig=CONFIG \
  -AIDLOC=0200000h-0200007h -pidloc=IDLOC -AEEDATA=0F00000h-0F000FFh \
  -peeprom_data=EEDATA \
  -prdata=COMRAM,nvrram=COMRAM,nvbit=COMRAM,rbss=COMRAM,rbit=COMRAM \
  -pfarbss=FARRAM,fardata=FARRAM,nvFARRAM=FARRAM \
  -pintsave_regs=BIGRAM,bigbss=BIGRAM,bigdata=BIGRAM -pbss=RAM \
  -pidata=CODE,irdata=CODE,ibigdata=CODE,ifardata=CODE -prparam=COMRAM \
  C:\Users\mcs-f\AppData\Local\Temp\sm0o.obj \
  dist/C18_18F14K22/production\mplab.production.obj 

Object code version is 3.11

Machine type is 18F14K22

Call graph: (short form)




                Name                               Link     Load   Length Selector   Space Scale
C:\Users\mcs-f\AppData\Local\Temp\sm0o.obj
                init                                 D0       D0        4        C       0
                reset_vec                             0        0        4        0       0
                idloc                            200000   200000        8   200000       0
                config                           300000   300000        E   300000       0
dist/C18_18F14K22/production\mplab.production.obj
                intcodelo                            18       18       B8        C       0
                intcode                               8        8        6        4       0
                temp                                 48       48        1        1       1
                text11                              7EC      7EC       30        C       0
                text10                              5E4      5E4       88        C       0
                intcode_body                        4AC      4AC       9E        C       0
                text8                               54A      54A       9A        C       0
                text6                                D4       D4      3D8        C       0
                text5                               66C      66C       84        C       0
                text4                               6F0      6F0       50        C       0
                text3                               81C      81C       22        C       0
                text2                               740      740       42        C       0
                text1                               83E      83E       12        C       0
                text0                               782      782       36        C       0
                cstackCOMRAM                          1        1       28        1       1
                cstackBANK0                          82       82       12       60       1
                bssBANK0                             60       60       22       60       1
                dataCOMRAM                           47       47        1        1       1
                bssCOMRAM                            29       29       1E        1       1
                cinit                               7B8      7B8       34        C       0
                idataCOMRAM                         850      850        1        C       0

TOTAL           Name                               Link     Load   Length     Space
        CLASS   STACK          

        CLASS   CODE           
                intcodelo                            18       18       B8         0
                intcode                               8        8        6         0
                init                                 D0       D0        4         0
                reset_vec                             0        0        4         0
                text11                              7EC      7EC       30         0
                text10                              5E4      5E4       88         0
                intcode_body                        4AC      4AC       9E         0
                text8                               54A      54A       9A         0
                text6                                D4       D4      3D8         0
                text5                               66C      66C       84         0
                text4                               6F0      6F0       50         0
                text3                               81C      81C       22         0
                text2                               740      740       42         0
                text1                               83E      83E       12         0
                text0                               782      782       36         0
                cinit                               7B8      7B8       34         0
                idataCOMRAM                         850      850        1         0

        CLASS   CONST          

        CLASS   SMALLCONST     

        CLASS   MEDIUMCONST    

        CLASS   COMRAM         
                temp                                 48       48        1         1
                cstackCOMRAM                          1        1       28         1
                dataCOMRAM                           47       47        1         1
                bssCOMRAM                            29       29       1E         1

        CLASS   ABS1           

        CLASS   BIGRAM         

        CLASS   RAM            

        CLASS   BANK0          
                cstackBANK0                          82       82       12         1
                bssBANK0                             60       60       22         1

        CLASS   BANK1          

        CLASS   SFR            

        CLASS   FARRAM         

        CLASS   CONFIG         
                config                           300000   300000        E         0

        CLASS   IDLOC          
                idloc                            200000   200000        8         0

        CLASS   EEDATA         



SEGMENTS        Name                           Load    Length   Top    Selector   Space  Class

                reset_vec                      000000  000004  000004         0       0  CODE    
                cstackCOMRAM                   000001  000048  000049         1       1  COMRAM  
                intcode                        000008  000006  00000E         4       0  CODE    
                intcodelo                      000018  000839  000851         C       0  CODE    
                bssBANK0                       000060  000034  000094        60       1  BANK0   
                idloc                          200000  000008  200008    200000       0  IDLOC   
                config                         300000  00000E  30000E    300000       0  CONFIG  


UNUSED ADDRESS RANGES

        Name                Unused          Largest block    Delta
        BANK0            000094-0000FF               6C
        BANK1            000100-0001FF              100
        BIGRAM           000049-00005F               17
                         000094-0001FF              16C
        CODE             000004-000007                4
                         00000E-000017                A
                         000851-003FFF             37AF
        COMRAM           000049-00005F               17
        CONST            000004-000007                4
                         00000E-000017                A
                         000851-003FFF             37AF
        EEDATA           F00000-F000FF              100
        MEDIUMCONST      000851-003FFF             37AF
        RAM              000094-0001FF               6C
        SFR              000F60-000FFF               A0
        SMALLCONST       000851-003FFF              100
        STACK            000094-0001FF              16C

                                  Symbol Table

_ANSEL                               (abs)        000F7E
_ANSELH                              (abs)        000F7F
_BAUDCONbits                         (abs)        000FB8
_CM1CON0                             (abs)        000F6D
_CM2CON0                             (abs)        000F6B
_CREN                                (abs)        007D5C
_FERR                                (abs)        007D5A
_INTCON2bits                         (abs)        000FF1
_INTCONbits                          (abs)        000FF2
_IPR1bits                            (abs)        000F9F
_LATA                                (abs)        000F89
_LATB                                (abs)        000F8A
_LATC                                (abs)        000F8B
_OERR                                (abs)        007D59
_OSCCON                              (abs)        000FD3
_OSCCONbits                          (abs)        000FD3
_PIE1bits                            (abs)        000F9D
_PIR1bits                            (abs)        000F9E
_PORTA                               (abs)        000F80
_PORTB                               (abs)        000F81
_PORTC                               (abs)        000F82
_RCIE                                (abs)        007CED
_RCIF                                (abs)        007CF5
_RCONbits                            (abs)        000FD0
_RCREG                               (abs)        000FAE
_RCSTA1bits                          (abs)        000FAB
_SPBRG1                              (abs)        000FAF
_SPBRGH                              (abs)        000FB0
_SPEN                                (abs)        007D5F
_T0CON                               (abs)        000FD5
_TMR0H                               (abs)        000FD7
_TMR0L                               (abs)        000FD6
_TRISA                               (abs)        000F92
_TRISB                               (abs)        000F93
_TRISC                               (abs)        000F94
_TXREG1                              (abs)        000FAD
__CFG_BBSIZ$OFF                      (abs)        000000
__CFG_BOREN$SBORDIS                  (abs)        000000
__CFG_BORV$19                        (abs)        000000
__CFG_CP0$OFF                        (abs)        000000
__CFG_CP1$OFF                        (abs)        000000
__CFG_CPB$OFF                        (abs)        000000
__CFG_CPD$OFF                        (abs)        000000
__CFG_EBTR0$OFF                      (abs)        000000
__CFG_EBTR1$OFF                      (abs)        000000
__CFG_EBTRB$OFF                      (abs)        000000
__CFG_FCMEN$OFF                      (abs)        000000
__CFG_FOSC$IRC                       (abs)        000000
__CFG_HFOFST$ON                      (abs)        000000
__CFG_IESO$OFF                       (abs)        000000
__CFG_LVP$OFF                        (abs)        000000
__CFG_MCLRE$ON                       (abs)        000000
__CFG_PCLKEN$ON                      (abs)        000000
__CFG_PLLEN$OFF                      (abs)        000000
__CFG_PWRTEN$ON                      (abs)        000000
__CFG_STVREN$ON                      (abs)        000000
__CFG_WDTEN$OFF                      (abs)        000000
__CFG_WDTPS$32768                    (abs)        000000
__CFG_WRT0$OFF                       (abs)        000000
__CFG_WRT1$OFF                       (abs)        000000
__CFG_WRTB$OFF                       (abs)        000000
__CFG_WRTC$OFF                       (abs)        000000
__CFG_WRTD$OFF                       (abs)        000000
__CFG_XINST$OFF                      (abs)        000000
__HRAM                               (abs)        000000
__Habs1                              abs1         000000
__Hbank0                             bank0        000000
__Hbank1                             bank1        000000
__Hbigbss                            bigbss       000000
__Hbigdata                           bigdata      000000
__Hbigram                            bigram       000000
__Hbss                               bss          000000
__HbssBANK0                          bssBANK0     000000
__HbssCOMRAM                         bssCOMRAM    000000
__Hcinit                             cinit        000000
__Hclrtext                           clrtext      000000
__Hcomram                            comram       000000
__Hconfig                            config       30000E
__Hconst                             const        000000
__HcstackBANK0                       cstackBANK0  000000
__HcstackCOMRAM                      cstackCOMRAM 000000
__Hdata                              data         000000
__HdataCOMRAM                        dataCOMRAM   000000
__Heeprom_data                       eeprom_data  000000
__Hfarbss                            farbss       000000
__Hfardata                           fardata      000000
__Hibigdata                          ibigdata     000000
__Hidata                             idata        000000
__HidataCOMRAM                       idataCOMRAM  000000
__Hidloc                             idloc        200008
__Hifardata                          ifardata     000000
__Hinit                              init         0000D4
__Hintcode                           intcode      00000E
__Hintcode_body                      intcode_body 000000
__Hintcodelo                         intcodelo    0000D0
__Hintentry                          intentry     000000
__Hintret                            intret       000000
__Hintsave_regs                      intsave_regs 000000
__Hirdata                            irdata       000000
__Hmediumconst                       mediumconst  000000
__HnvFARRAM                          nvFARRAM     000000
__Hnvbit                             nvbit        000000
__Hnvrram                            nvrram       000000
__Hparam                             rparam       000000
__Hpowerup                           powerup      0000D0
__Hram                               ram          000000
__Hramtop                            ramtop       000200
__Hrbit                              rbit         000000
__Hrbss                              rbss         000000
__Hrdata                             rdata        000000
__Hreset_vec                         reset_vec    000004
__Hrparam                            rparam       000000
__Hsfr                               sfr          000000
__Hsmallconst                        smallconst   000000
__Hspace_0                           (abs)        30000E
__Hspace_1                           (abs)        000094
__Hspace_2                           (abs)        000000
__Hstack                             stack        000000
__Hstruct                            struct       000000
__Htemp                              temp         000049
__Htext                              text         000000
__Htext0                             text0        000000
__Htext1                             text1        000000
__Htext10                            text10       000000
__Htext11                            text11       000000
__Htext2                             text2        000000
__Htext3                             text3        000000
__Htext4                             text4        000000
__Htext5                             text5        000000
__Htext6                             text6        000000
__Htext8                             text8        000000
__LRAM                               (abs)        000001
__Labs1                              abs1         000000
__Lbank0                             bank0        000000
__Lbank1                             bank1        000000
__Lbigbss                            bigbss       000000
__Lbigdata                           bigdata      000000
__Lbigram                            bigram       000000
__Lbss                               bss          000000
__LbssBANK0                          bssBANK0     000000
__LbssCOMRAM                         bssCOMRAM    000000
__Lcinit                             cinit        000000
__Lclrtext                           clrtext      000000
__Lcomram                            comram       000000
__Lconfig                            config       300000
__Lconst                             const        000000
__LcstackBANK0                       cstackBANK0  000000
__LcstackCOMRAM                      cstackCOMRAM 000000
__Ldata                              data         000000
__LdataCOMRAM                        dataCOMRAM   000000
__Leeprom_data                       eeprom_data  000000
__Lfarbss                            farbss       000000
__Lfardata                           fardata      000000
__Libigdata                          ibigdata     000000
__Lidata                             idata        000000
__LidataCOMRAM                       idataCOMRAM  000000
__Lidloc                             idloc        200000
__Lifardata                          ifardata     000000
__Linit                              init         0000D0
__Lintcode                           intcode      000008
__Lintcode_body                      intcode_body 000000
__Lintcodelo                         intcodelo    000018
__Lintentry                          intentry     000000
__Lintret                            intret       000000
__Lintsave_regs                      intsave_regs 000000
__Lirdata                            irdata       000000
__Lmediumconst                       mediumconst  000000
__LnvFARRAM                          nvFARRAM     000000
__Lnvbit                             nvbit        000000
__Lnvrram                            nvrram       000000
__Lparam                             rparam       000000
__Lpowerup                           powerup      0000D0
__Lram                               ram          000000
__Lramtop                            ramtop       000200
__Lrbit                              rbit         000000
__Lrbss                              rbss         000000
__Lrdata                             rdata        000000
__Lreset_vec                         reset_vec    000000
__Lrparam                            rparam       000000
__Lsfr                               sfr          000000
__Lsmallconst                        smallconst   000000
__Lspace_0                           (abs)        000000
__Lspace_1                           (abs)        000000
__Lspace_2                           (abs)        000000
__Lstack                             stack        000000
__Lstruct                            struct       000000
__Ltemp                              temp         000048
__Ltext                              text         000000
__Ltext0                             text0        000000
__Ltext1                             text1        000000
__Ltext10                            text10       000000
__Ltext11                            text11       000000
__Ltext2                             text2        000000
__Ltext3                             text3        000000
__Ltext4                             text4        000000
__Ltext5                             text5        000000
__Ltext6                             text6        000000
__Ltext8                             text8        000000
__S0                                 (abs)        30000E
__S1                                 (abs)        000094
__S2                                 (abs)        000000
___inthi_sp                          stack        000000
___intlo_sp                          stack        000000
___param_bank                        (abs)        000000
___rparam_used                       (abs)        000001
___sp                                stack        000000
__accesstop                          (abs)        000060
__activetblptr                       (abs)        000000
__end_of__initialization             cinit        0007E2
__end_of_calculateTimerDiffsAndMask  text6        0004AC
__end_of_doRank                      text5        0006F0
__end_of_handleDMX                   text8        0005E4
__end_of_high_isr                    intcode_body 00054A
__end_of_initChannels                text4        000740
__end_of_initDMX                     text3        00083E
__end_of_initHardware                text2        000782
__end_of_initPwm                     text1        000850
__end_of_low_isr                     intcodelo    0000D0
__end_of_main                        text0        0007B8
__end_of_pwmStep                     text10       00066C
__end_of_swapBuffers                 text11       00081C
__initialization                     cinit        0007B8
__mediumconst                        mediumconst  000000
__pbssBANK0                          bssBANK0     000060
__pbssCOMRAM                         bssCOMRAM    000029
__pcinit                             cinit        0007B8
__pcstackBANK0                       cstackBANK0  000082
__pcstackCOMRAM                      cstackCOMRAM 000001
__pdataCOMRAM                        dataCOMRAM   000047
__pidataCOMRAM                       idataCOMRAM  000850
__pintcode                           intcode      000008
__pintcode_body                      intcode_body 0004AC
__pintcodelo                         intcodelo    000018
__ptext0                             text0        000782
__ptext1                             text1        00083E
__ptext10                            text10       0005E4
__ptext11                            text11       0007EC
__ptext2                             text2        000740
__ptext3                             text3        00081C
__ptext4                             text4        0006F0
__ptext5                             text5        00066C
__ptext6                             text6        0000D4
__ptext8                             text8        00054A
__ramtop                             ramtop       000200
__size_of_calculateTimerDiffsAndMask (abs)        000000
__size_of_doRank                     (abs)        000000
__size_of_handleDMX                  (abs)        000000
__size_of_high_isr                   (abs)        000000
__size_of_initChannels               (abs)        000000
__size_of_initDMX                    (abs)        000000
__size_of_initHardware               (abs)        000000
__size_of_initPwm                    (abs)        000000
__size_of_low_isr                    (abs)        000000
__size_of_main                       (abs)        000000
__size_of_pwmStep                    (abs)        000000
__size_of_swapBuffers                (abs)        000000
__smallconst                         smallconst   000000
_calculateTimerDiffsAndMask          text6        0000D4
_channelLevel                        bssCOMRAM    00002D
_channelRank                         bssCOMRAM    000029
_ci1                                 bssBANK0     000072
_ci2                                 bssBANK0     000062
_counterForSimulator                 bssCOMRAM    000045
_currentAdress                       bssCOMRAM    000031
_dmxState                            bssCOMRAM    000040
_doRank                              text5        00066C
_dummy                               bssCOMRAM    00003D
_dummy1                              bssCOMRAM    000042
_errflag                             bssCOMRAM    00003F
_errorCounter                        bssCOMRAM    000044
_handleDMX                           text8        00054A
_high_isr                            intcode      000008
_initChannels                        text4        0006F0
_initDMX                             text3        00081C
_initHardware                        text2        000740
_initPwm                             text1        00083E
_intCount                            bssCOMRAM    000043
_lastInChainReceived                 bssCOMRAM    000046
_low_isr                             intcodelo    000018
_main                                text0        000782
_pCIRead                             bssCOMRAM    00003B
_pCITmp                              bssCOMRAM    000035
_pCIWrite                            bssCOMRAM    000037
_pwmStep                             text10       0005E4
_readIndex                           bssCOMRAM    000041
_received                            bssCOMRAM    00003E
_swapBuffers                         text11       0007EC
_swapCount                           bssCOMRAM    000033
_syncLock                            bssBANK0     000061
_tTmp                                bssCOMRAM    000039
_updated                             bssBANK0     000060
_writeIndex                          dataCOMRAM   000047
btemp                                temp         000048
calculateTimerDiffsAndMask@i         cstackBANK0  000093
calculateTimerDiffsAndMask@i2        cstackBANK0  000092
calculateTimerDiffsAndMask@pivot     cstackBANK0  00008E
calculateTimerDiffsAndMask@sumTimers cstackBANK0  00008C
doRank@i                             cstackBANK0  000085
doRank@j                             cstackBANK0  000084
end_of_initialization                cinit        0007E2
initChannels@i                       cstackBANK0  000082
int$flags                            temp         000048
int_func                             intcode_body 0004AC
intlevel0                            text         000000
intlevel1                            text         000000
intlevel2                            text         000000
intlevel3                            text         000000
stackhi                              (abs)        0001FF
stacklo                              (abs)        000094
start                                init         0000D0
start_initialization                 cinit        0007B8
wtemp6                               temp         000049


FUNCTION INFORMATION:

 *************** function _main *****************
 Defined at:
		line 35 in file "main.c"
 Parameters:    Size  Location     Type
		None
 Auto vars:     Size  Location     Type
		None
 Return value:  Size  Location     Type
                  1    wreg      void 
 Registers used:
		wreg, fsr1l, fsr1h, fsr2l, fsr2h, status,2, status,0, prodl, prodh, cstack
 Tracked objects:
		On entry : 
		On exit  : 
		Unchanged: 
 Data sizes:     COMRAM   BANK0   BANK1
      Params:         0       0       0
      Locals:         0       0       0
      Temps:          0       0       0
      Totals:         0       0       0
Total ram usage:        0 bytes
 Hardware stack levels required when called:    6
 This function calls:
		_calculateTimerDiffsAndMask
		_doRank
		_initChannels
		_initDMX
		_initHardware
		_initPwm
 This function is called by:
		Startup code after reset
 This function uses a non-reentrant model


 *************** function _initPwm *****************
 Defined at:
		line 19 in file "pwm.c"
 Parameters:    Size  Location     Type
		None
 Auto vars:     Size  Location     Type
  i               1    0        unsigned char 
 Return value:  Size  Location     Type
                  1    wreg      void 
 Registers used:
		wreg, status,2
 Tracked objects:
		On entry : 
		On exit  : 
		Unchanged: 
 Data sizes:     COMRAM   BANK0   BANK1
      Params:         0       0       0
      Locals:         0       0       0
      Temps:          0       0       0
      Totals:         0       0       0
Total ram usage:        0 bytes
 Hardware stack levels used:    1
 Hardware stack levels required when called:    5
 This function calls:
		Nothing
 This function is called by:
		_main
 This function uses a non-reentrant model


 *************** function _initHardware *****************
 Defined at:
		line 6 in file "hardware.c"
 Parameters:    Size  Location     Type
		None
 Auto vars:     Size  Location     Type
		None
 Return value:  Size  Location     Type
                  1    wreg      void 
 Registers used:
		wreg, status,2
 Tracked objects:
		On entry : 
		On exit  : 
		Unchanged: 
 Data sizes:     COMRAM   BANK0   BANK1
      Params:         0       0       0
      Locals:         0       0       0
      Temps:          0       0       0
      Totals:         0       0       0
Total ram usage:        0 bytes
 Hardware stack levels used:    1
 Hardware stack levels required when called:    5
 This function calls:
		Nothing
 This function is called by:
		_main
 This function uses a non-reentrant model


 *************** function _initDMX *****************
 Defined at:
		line 31 in file "dmx.c"
 Parameters:    Size  Location     Type
		None
 Auto vars:     Size  Location     Type
		None
 Return value:  Size  Location     Type
                  1    wreg      void 
 Registers used:
		wreg, status,2
 Tracked objects:
		On entry : 
		On exit  : 
		Unchanged: 
 Data sizes:     COMRAM   BANK0   BANK1
      Params:         0       0       0
      Locals:         0       0       0
      Temps:          0       0       0
      Totals:         0       0       0
Total ram usage:        0 bytes
 Hardware stack levels used:    1
 Hardware stack levels required when called:    5
 This function calls:
		Nothing
 This function is called by:
		_main
 This function uses a non-reentrant model


 *************** function _initChannels *****************
 Defined at:
		line 38 in file "channels.c"
 Parameters:    Size  Location     Type
		None
 Auto vars:     Size  Location     Type
  i               1    0[BANK0 ] unsigned char 
 Return value:  Size  Location     Type
                  1    wreg      void 
 Registers used:
		wreg, fsr2l, fsr2h, status,2, status,0, prodl, prodh
 Tracked objects:
		On entry : 
		On exit  : 
		Unchanged: 
 Data sizes:     COMRAM   BANK0   BANK1
      Params:         0       0       0
      Locals:         0       1       0
      Temps:          0       0       0
      Totals:         0       1       0
Total ram usage:        1 bytes
 Hardware stack levels used:    1
 Hardware stack levels required when called:    5
 This function calls:
		Nothing
 This function is called by:
		_main
 This function uses a non-reentrant model


 *************** function _doRank *****************
 Defined at:
		line 95 in file "channels.c"
 Parameters:    Size  Location     Type
		None
 Auto vars:     Size  Location     Type
  i               1    3[BANK0 ] unsigned char 
  j               1    2[BANK0 ] unsigned char 
 Return value:  Size  Location     Type
                  1    wreg      void 
 Registers used:
		wreg, fsr1l, fsr1h, fsr2l, fsr2h, status,2, status,0, prodl, prodh
 Tracked objects:
		On entry : 
		On exit  : 
		Unchanged: 
 Data sizes:     COMRAM   BANK0   BANK1
      Params:         0       0       0
      Locals:         0       2       0
      Temps:          0       2       0
      Totals:         0       4       0
Total ram usage:        4 bytes
 Hardware stack levels used:    1
 Hardware stack levels required when called:    5
 This function calls:
		Nothing
 This function is called by:
		_main
 This function uses a non-reentrant model


 *************** function _calculateTimerDiffsAndMask *****************
 Defined at:
		line 128 in file "channels.c"
 Parameters:    Size  Location     Type
		None
 Auto vars:     Size  Location     Type
  pivot           4   12[BANK0 ] unsigned char [4]
  sumTimers       2   10[BANK0 ] unsigned int 
  i               1   17[BANK0 ] unsigned char 
  i2              1   16[BANK0 ] unsigned char 
 Return value:  Size  Location     Type
                  1    wreg      void 
 Registers used:
		wreg, fsr1l, fsr1h, fsr2l, fsr2h, status,2, status,0, prodl, prodh
 Tracked objects:
		On entry : 
		On exit  : 
		Unchanged: 
 Data sizes:     COMRAM   BANK0   BANK1
      Params:         0       0       0
      Locals:         0       8       0
      Temps:          0      10       0
      Totals:         0      18       0
Total ram usage:       18 bytes
 Hardware stack levels used:    1
 Hardware stack levels required when called:    5
 This function calls:
		Nothing
 This function is called by:
		_main
 This function uses a non-reentrant model


 *************** function _low_isr *****************
 Defined at:
		line 31 in file "interrupts.c"
 Parameters:    Size  Location     Type
		None
 Auto vars:     Size  Location     Type
		None
 Return value:  Size  Location     Type
                  1    wreg      void 
 Registers used:
		wreg, fsr2l, fsr2h, status,2, status,0, cstack
 Tracked objects:
		On entry : 
		On exit  : 
		Unchanged: 
 Data sizes:     COMRAM   BANK0   BANK1
      Params:         0       0       0
      Locals:         0       0       0
      Temps:         21       0       0
      Totals:        21       0       0
Total ram usage:       21 bytes
 Hardware stack levels used:    1
 Hardware stack levels required when called:    4
 This function calls:
		_handleDMX
 This function is called by:
		Interrupt level 1
 This function uses a non-reentrant model


 *************** function _handleDMX *****************
 Defined at:
		line 60 in file "dmx.c"
 Parameters:    Size  Location     Type
		None
 Auto vars:     Size  Location     Type
		None
 Return value:  Size  Location     Type
                  1    wreg      void 
 Registers used:
		wreg, fsr2l, fsr2h, status,2, status,0
 Tracked objects:
		On entry : 
		On exit  : 
		Unchanged: 
 Data sizes:     COMRAM   BANK0   BANK1
      Params:         0       0       0
      Locals:         0       0       0
      Temps:          0       0       0
      Totals:         0       0       0
Total ram usage:        0 bytes
 Hardware stack levels used:    1
 Hardware stack levels required when called:    3
 This function calls:
		Nothing
 This function is called by:
		_low_isr
 This function uses a non-reentrant model


 *************** function _high_isr *****************
 Defined at:
		line 14 in file "interrupts.c"
 Parameters:    Size  Location     Type
		None
 Auto vars:     Size  Location     Type
		None
 Return value:  Size  Location     Type
                  1    wreg      void 
 Registers used:
		wreg, fsr2l, fsr2h, status,2, status,0, prodl, prodh, cstack
 Tracked objects:
		On entry : 
		On exit  : 
		Unchanged: 
 Data sizes:     COMRAM   BANK0   BANK1
      Params:         0       0       0
      Locals:         0       0       0
      Temps:         18       0       0
      Totals:        18       0       0
Total ram usage:       18 bytes
 Hardware stack levels used:    1
 Hardware stack levels required when called:    2
 This function calls:
		_pwmStep
 This function is called by:
		Interrupt level 2
 This function uses a non-reentrant model


 *************** function _pwmStep *****************
 Defined at:
		line 76 in file "pwm.c"
 Parameters:    Size  Location     Type
		None
 Auto vars:     Size  Location     Type
		None
 Return value:  Size  Location     Type
                  1    wreg      void 
 Registers used:
		wreg, fsr2l, fsr2h, status,2, status,0, prodl, prodh, cstack
 Tracked objects:
		On entry : 
		On exit  : 
		Unchanged: 
 Data sizes:     COMRAM   BANK0   BANK1
      Params:         0       0       0
      Locals:         0       0       0
      Temps:          1       0       0
      Totals:         1       0       0
Total ram usage:        1 bytes
 Hardware stack levels used:    1
 Hardware stack levels required when called:    1
 This function calls:
		_swapBuffers
 This function is called by:
		_high_isr
 This function uses a non-reentrant model


 *************** function _swapBuffers *****************
 Defined at:
		line 68 in file "channels.c"
 Parameters:    Size  Location     Type
		None
 Auto vars:     Size  Location     Type
		None
 Return value:  Size  Location     Type
                  1    wreg      void 
 Registers used:
		wreg, status,2, status,0
 Tracked objects:
		On entry : 
		On exit  : 
		Unchanged: 
 Data sizes:     COMRAM   BANK0   BANK1
      Params:         0       0       0
      Locals:         0       0       0
      Temps:          0       0       0
      Totals:         0       0       0
Total ram usage:        0 bytes
 Hardware stack levels used:    1
 This function calls:
		Nothing
 This function is called by:
		_pwmStep
 This function uses a non-reentrant model



MODULE INFORMATION

Module		Function		Class		Link	Load	Size
interrupts.c
		_high_isr      		CODE           	0008	0000	165
		_low_isr       		CODE           	0018	0000	185

interrupts.c estimated size: 350

pwm.c
		_pwmStep       		CODE           	05E4	0000	137
		_initPwm       		CODE           	083E	0000	19

pwm.c estimated size: 156

shared
		__initialization		CODE           	07B8	0000	43

shared estimated size: 43

hardware.c
		_initHardware  		CODE           	0740	0000	67

hardware.c estimated size: 67

channels.c
		_doRank        		CODE           	066C	0000	133
		_initChannels  		CODE           	06F0	0000	81
		_swapBuffers   		CODE           	07EC	0000	49
		_calculateTimerDiffsAndMask		CODE           	00D4	0000	985

channels.c estimated size: 1248

dmx.c
		_handleDMX     		CODE           	054A	0000	155
		_initDMX       		CODE           	081C	0000	35

dmx.c estimated size: 190

main.c
		_main          		CODE           	0782	0000	55

main.c estimated size: 55

